
vijeyn@HL-VIJEYN MINGW64 ~/Documents/Virtusa/ThomsonReuters/Trainings/learn_git
$ pwd
/c/Users/vijeyn/Documents/Virtusa/ThomsonReuters/Trainings/learn_git

vijeyn@HL-VIJEYN MINGW64 ~/Documents/Virtusa/ThomsonReuters/Trainings/learn_git
$ subl .

vijeyn@HL-VIJEYN MINGW64 ~/Documents/Virtusa/ThomsonReuters/Trainings/learn_git
$ git init
Initialized empty Git repository in C:/Users/vijeyn/Documents/Virtusa/ThomsonReuters/Trainings/learn_git/.git/

vijeyn@HL-VIJEYN MINGW64 ~/Documents/Virtusa/ThomsonReuters/Trainings/learn_git (master)
$ git status
On branch master

Initial commit

Untracked files:
  (use "git add <file>..." to include in what will be committed)

        README.md
        package.json

nothing added to commit but untracked files present (use "git add" to track)

vijeyn@HL-VIJEYN MINGW64 ~/Documents/Virtusa/ThomsonReuters/Trainings/learn_git (master)
$ explorer .

vijeyn@HL-VIJEYN MINGW64 ~/Documents/Virtusa/ThomsonReuters/Trainings/learn_git (master)
$ git add .

vijeyn@HL-VIJEYN MINGW64 ~/Documents/Virtusa/ThomsonReuters/Trainings/learn_git (master)
$ git status
On branch master

Initial commit

Changes to be committed:
  (use "git rm --cached <file>..." to unstage)

        new file:   README.md
        new file:   package.json


vijeyn@HL-VIJEYN MINGW64 ~/Documents/Virtusa/ThomsonReuters/Trainings/learn_git (master)
$ git commit -m "This is our initial commit"
[master (root-commit) f428558] This is our initial commit
 2 files changed, 2 insertions(+)
 create mode 100644 README.md
 create mode 100644 package.json

vijeyn@HL-VIJEYN MINGW64 ~/Documents/Virtusa/ThomsonReuters/Trainings/learn_git (master)
$ git status
On branch master
nothing to commit, working directory clean

vijeyn@HL-VIJEYN MINGW64 ~/Documents/Virtusa/ThomsonReuters/Trainings/learn_git (master)
$ git remote add origin https://github.com/vijeynvt/learn_git.git

vijeyn@HL-VIJEYN MINGW64 ~/Documents/Virtusa/ThomsonReuters/Trainings/learn_git (master)
$ git push -u origin master
Counting objects: 4, done.
Delta compression using up to 4 threads.
Compressing objects: 100% (2/2), done.
Writing objects: 100% (4/4), 305 bytes | 0 bytes/s, done.
Total 4 (delta 0), reused 0 (delta 0)
To https://github.com/vijeynvt/learn_git.git
 * [new branch]      master -> master
Branch master set up to track remote branch master from origin.

vijeyn@HL-VIJEYN MINGW64 ~/Documents/Virtusa/ThomsonReuters/Trainings/learn_git (master)
$
